
--- tunnel start 2026-09-17 22:50:22 (port=5000) ---
2026-09-17T15:50:22Z INF Thank you for trying Cloudflare Tunnel. Doing so, without a Cloudflare account, is a quick way to experiment and try it out. However, be aware that these account-less Tunnels have no uptime guarantee, are subject to the Cloudflare Online Services Terms of Use (https://www.cloudflare.com/website-terms/), and Cloudflare reserves the right to investigate your use of Tunnels for violations of such terms. If you intend to use Tunnels in production you should use a pre-created named tunnel by following: https://developers.cloudflare.com/cloudflare-one/connections/connect-apps
2026-09-17T15:50:22Z INF Requesting new quick Tunnel on trycloudflare.com...
2026-09-17T15:50:29Z INF +--------------------------------------------------------------------------------------------+
2026-09-17T15:50:29Z INF |  Your quick Tunnel has been created! Visit it at (it may take some time to be reachable):  |
2026-09-17T15:50:29Z INF |  https://boys-ultram-seven-championships.trycloudflare.com                                 |
2026-09-17T15:50:29Z INF +--------------------------------------------------------------------------------------------+
2026-09-17T15:50:29Z INF Cannot determine default configuration path. No file [config.yml config.yaml] in [~/.cloudflared ~/.cloudflare-warp ~/cloudflare-warp /etc/cloudflared /usr/local/etc/cloudflared]
2026-09-17T15:50:29Z INF Version 2026.9.1 (Checksum 4803f3d90c7dbec0ba3c9d6e62399aa03f49bf3587c2c0a8b9ab57bc820fd15a)
2026-09-17T15:50:29Z INF GOOS: android, GOVersion: go1.27.1, GoArch: arm64
2026-09-17T15:50:29Z INF Settings: map[ha-connections:1 no-autoupdate:true protocol:quic url:http://127.0.0.1:5000]
2026-09-17T15:50:29Z INF Generated Connector ID: 310f840d-2199-4316-9368-f4bed29d0dd3
2026-09-17T15:50:29Z INF Initial protocol quic
2026-09-17T15:50:29Z INF ICMP proxy will use 192.168.1.6 as source for IPv4
2026-09-17T15:50:29Z INF ICMP proxy will use fe80::34cd:45ff:feff:2c62 in zone wlan0 as source for IPv6
2026-09-17T15:50:29Z WRN The user running cloudflared process has a GID (group ID) that is not within ping_group_range. You might need to add that user to a group within that range, or instead update the range to encompass a group the user is already in by modifying /proc/sys/net/ipv4/ping_group_range. Otherwise cloudflared will not be able to ping this network error="open /proc/sys/net/ipv4/ping_group_range: permission denied"
2026-09-17T15:50:29Z WRN ICMP proxy feature is disabled error="cannot create ICMPv4 proxy: open /proc/sys/net/ipv4/ping_group_range: permission denied nor ICMPv6 proxy: bind: invalid argument"
2026-09-17T15:50:30Z INF ICMP proxy will use 192.168.1.6 as source for IPv4
2026-09-17T15:50:30Z INF ICMP proxy will use fe80::34cd:45ff:feff:2c62 in zone wlan0 as source for IPv6
2026-09-17T15:50:30Z INF Starting metrics server on 127.0.0.1:20241/metrics
2026-09-17T15:50:30Z INF Tunnel connection curve preferences: [X25519MLKEM768 CurveID(65074) CurveP256] connIndex=0 event=0 ip=198.41.192.37
2026-09-17T15:50:30Z INF Registered tunnel connection connIndex=0 connection=e70476fa-9be1-4ffd-9754-6c389c82465e event=0 ip=198.41.192.37 location=cgk07 protocol=quic
2026-09-17T15:50:36Z INF +-------------------------------------------------------------------------------------+
2026-09-17T15:50:36Z INF |                               CONNECTIVITY PRE-CHECKS                               |
2026-09-17T15:50:36Z INF +-------------------------------------------------------------------------------------+
2026-09-17T15:50:36Z INF |  COMPONENT         TARGET                     STATUS  DETAILS                       |
2026-09-17T15:50:36Z INF |  DNS Resolution    region1.v2.argotunnel.com  PASS    DNS Resolved successfully     |
2026-09-17T15:50:36Z INF |  DNS Resolution    region2.v2.argotunnel.com  PASS    DNS Resolved successfully     |
2026-09-17T15:50:36Z INF |  UDP Connectivity  region1.v2.argotunnel.com  PASS    QUIC connection successful    |
2026-09-17T15:50:36Z INF |  UDP Connectivity  region2.v2.argotunnel.com  PASS    QUIC connection successful    |
2026-09-17T15:50:36Z INF |  TCP Connectivity  region1.v2.argotunnel.com  PASS    HTTP/2 connection successful  |
2026-09-17T15:50:36Z INF |  TCP Connectivity  region2.v2.argotunnel.com  PASS    HTTP/2 connection successful  |
2026-09-17T15:50:36Z INF |  Cloudflare API    api.cloudflare.com:443     PASS    API is reachable              |
2026-09-17T15:50:36Z INF |                                                                                     |
2026-09-17T15:50:36Z INF |  SUMMARY: Environment is healthy. cloudflared will use 'quic' as primary protocol.  |
2026-09-17T15:50:36Z INF +-------------------------------------------------------------------------------------+
2026-09-17T15:50:36Z INF precheck component="DNS Resolution" details="DNS Resolved successfully" run_id=1a7262f7-1b02-4e85-b443-4a5afeb00fb8 status=pass target=region1.v2.argotunnel.com
2026-09-17T15:50:36Z INF precheck component="DNS Resolution" details="DNS Resolved successfully" run_id=1a7262f7-1b02-4e85-b443-4a5afeb00fb8 status=pass target=region2.v2.argotunnel.com
2026-09-17T15:50:36Z INF precheck component="UDP Connectivity" details="QUIC connection successful" run_id=1a7262f7-1b02-4e85-b443-4a5afeb00fb8 status=pass target=region1.v2.argotunnel.com
2026-09-17T15:50:36Z INF precheck component="UDP Connectivity" details="QUIC connection successful" run_id=1a7262f7-1b02-4e85-b443-4a5afeb00fb8 status=pass target=region2.v2.argotunnel.com
2026-09-17T15:50:36Z INF precheck component="TCP Connectivity" details="HTTP/2 connection successful" run_id=1a7262f7-1b02-4e85-b443-4a5afeb00fb8 status=pass target=region1.v2.argotunnel.com
2026-09-17T15:50:36Z INF precheck component="TCP Connectivity" details="HTTP/2 connection successful" run_id=1a7262f7-1b02-4e85-b443-4a5afeb00fb8 status=pass target=region2.v2.argotunnel.com
2026-09-17T15:50:36Z INF precheck component="Cloudflare API" details="API is reachable" run_id=1a7262f7-1b02-4e85-b443-4a5afeb00fb8 status=pass target=api.cloudflare.com:443
2026-09-17T15:50:36Z INF precheck complete hard_fail=false run_id=1a7262f7-1b02-4e85-b443-4a5afeb00fb8 suggested_protocol=quic
--- tunnel stop 2026-09-17 22:55:13 ---
